{"timestamp":"2026-08-30T12:10:34.196642","level":"info","event":"DAG bundles loaded: dags-folder","logger":"airflow.dag_processing.bundles.manager.DagBundlesManager"}
{"timestamp":"2026-08-30T12:10:34.197023","level":"info","event":"Filling up the DagBag from /opt/airflow/dags/zomato_batch.py","logger":"airflow.models.dagbag.DagBag"}
{"timestamp":"2026-08-30T12:10:34.237244","level":"info","event":"Executing: ['USE WAREHOUSE ZOMATO_WH', \"COPY INTO ZOMATO.RAW.restaurants FROM @ZOMATO.RAW.ZOMATO_RAW_STAGE/restaurants/  ON_ERROR='CONTINUE'\", \"COPY INTO ZOMATO.RAW.users       FROM @ZOMATO.RAW.ZOMATO_RAW_STAGE/users/        ON_ERROR='CONTINUE'\", \"COPY INTO ZOMATO.RAW.food        FROM @ZOMATO.RAW.ZOMATO_RAW_STAGE/food/         ON_ERROR='CONTINUE'\", \"COPY INTO ZOMATO.RAW.menu        FROM @ZOMATO.RAW.ZOMATO_RAW_STAGE/menu/         ON_ERROR='CONTINUE'\", 'COPY INTO ZOMATO.RAW.orders      FROM @ZOMATO.RAW.ZOMATO_RAW_STAGE/orders/', 'COPY INTO ZOMATO.RAW.order_items FROM @ZOMATO.RAW.ZOMATO_RAW_STAGE/order_items/', 'COPY INTO ZOMATO.RAW.reviews     FROM @ZOMATO.RAW.ZOMATO_RAW_STAGE/reviews/']","logger":"airflow.task.operators.airflow.providers.common.sql.operators.sql.SQLExecuteQueryOperator"}
{"timestamp":"2026-08-30T12:10:34.241293","level":"info","event":"Connection Retrieved 'snowflake_airflow'","logger":"airflow.hooks.base"}
{"timestamp":"2026-08-30T12:10:34.529233","level":"info","event":"Connection Retrieved 'snowflake_airflow'","logger":"airflow.hooks.base"}
{"timestamp":"2026-08-30T12:10:34.552866","level":"info","event":"Snowflake Connector for Python Version: 3.16.0, Python Version: 3.12.11, Platform: Linux-7.0.12-linuxkit-aarch64-with-glibc2.36","logger":"snowflake.connector.connection"}
{"timestamp":"2026-08-30T12:10:34.553109","level":"info","event":"Connecting to GLOBAL Snowflake domain","logger":"snowflake.connector.connection"}
{"timestamp":"2026-08-30T12:10:35.321004","level":"info","event":"Running statement: USE WAREHOUSE ZOMATO_WH, parameters: None","logger":"airflow.task.hooks.airflow.providers.snowflake.hooks.snowflake.SnowflakeHook"}
{"timestamp":"2026-08-30T12:10:35.321238","level":"info","event":"Running statement: USE WAREHOUSE ZOMATO_WH, parameters: None","logger":"airflow.task.hooks.airflow.providers.snowflake.hooks.snowflake.SnowflakeHook"}
{"timestamp":"2026-08-30T12:10:35.980126","level":"info","event":"Rows affected: 1","logger":"airflow.task.hooks.airflow.providers.snowflake.hooks.snowflake.SnowflakeHook"}
{"timestamp":"2026-08-30T12:10:35.980893","level":"info","event":"Rows affected: 1","logger":"airflow.task.hooks.airflow.providers.snowflake.hooks.snowflake.SnowflakeHook"}
{"timestamp":"2026-08-30T12:10:35.980953","level":"info","event":"Snowflake query id: 01c6bc3a-3203-3eee-0017-fcee0011241a","logger":"airflow.task.hooks.airflow.providers.snowflake.hooks.snowflake.SnowflakeHook"}
{"timestamp":"2026-08-30T12:10:35.981018","level":"info","event":"Running statement: COPY INTO ZOMATO.RAW.restaurants FROM @ZOMATO.RAW.ZOMATO_RAW_STAGE/restaurants/  ON_ERROR='CONTINUE', parameters: None","logger":"airflow.task.hooks.airflow.providers.snowflake.hooks.snowflake.SnowflakeHook"}
{"timestamp":"2026-08-30T12:10:35.981057","level":"info","event":"Running statement: COPY INTO ZOMATO.RAW.restaurants FROM @ZOMATO.RAW.ZOMATO_RAW_STAGE/restaurants/  ON_ERROR='CONTINUE', parameters: None","logger":"airflow.task.hooks.airflow.providers.snowflake.hooks.snowflake.SnowflakeHook"}
{"timestamp":"2026-08-30T12:10:37.356216","level":"info","event":"Rows affected: 1","logger":"airflow.task.hooks.airflow.providers.snowflake.hooks.snowflake.SnowflakeHook"}
{"timestamp":"2026-08-30T12:10:37.357096","level":"info","event":"Rows affected: 1","logger":"airflow.task.hooks.airflow.providers.snowflake.hooks.snowflake.SnowflakeHook"}
{"timestamp":"2026-08-30T12:10:37.357185","level":"info","event":"Snowflake query id: 01c6bc3a-3203-3eee-0017-fcee0011241e","logger":"airflow.task.hooks.airflow.providers.snowflake.hooks.snowflake.SnowflakeHook"}
{"timestamp":"2026-08-30T12:10:37.357247","level":"info","event":"Running statement: COPY INTO ZOMATO.RAW.users       FROM @ZOMATO.RAW.ZOMATO_RAW_STAGE/users/        ON_ERROR='CONTINUE', parameters: None","logger":"airflow.task.hooks.airflow.providers.snowflake.hooks.snowflake.SnowflakeHook"}
{"timestamp":"2026-08-30T12:10:37.357306","level":"info","event":"Running statement: COPY INTO ZOMATO.RAW.users       FROM @ZOMATO.RAW.ZOMATO_RAW_STAGE/users/        ON_ERROR='CONTINUE', parameters: None","logger":"airflow.task.hooks.airflow.providers.snowflake.hooks.snowflake.SnowflakeHook"}
{"timestamp":"2026-08-30T12:10:38.473391","level":"info","event":"Rows affected: 1","logger":"airflow.task.hooks.airflow.providers.snowflake.hooks.snowflake.SnowflakeHook"}
{"timestamp":"2026-08-30T12:10:38.473735","level":"info","event":"Rows affected: 1","logger":"airflow.task.hooks.airflow.providers.snowflake.hooks.snowflake.SnowflakeHook"}
{"timestamp":"2026-08-30T12:10:38.473812","level":"info","event":"Snowflake query id: 01c6bc3a-3203-3d0b-0017-fcee0011450a","logger":"airflow.task.hooks.airflow.providers.snowflake.hooks.snowflake.SnowflakeHook"}
{"timestamp":"2026-08-30T12:10:38.473878","level":"info","event":"Running statement: COPY INTO ZOMATO.RAW.food        FROM @ZOMATO.RAW.ZOMATO_RAW_STAGE/food/         ON_ERROR='CONTINUE', parameters: None","logger":"airflow.task.hooks.airflow.providers.snowflake.hooks.snowflake.SnowflakeHook"}
{"timestamp":"2026-08-30T12:10:38.473930","level":"info","event":"Running statement: COPY INTO ZOMATO.RAW.food        FROM @ZOMATO.RAW.ZOMATO_RAW_STAGE/food/         ON_ERROR='CONTINUE', parameters: None","logger":"airflow.task.hooks.airflow.providers.snowflake.hooks.snowflake.SnowflakeHook"}
{"timestamp":"2026-08-30T12:10:39.152336","level":"info","event":"Rows affected: 1","logger":"airflow.task.hooks.airflow.providers.snowflake.hooks.snowflake.SnowflakeHook"}
{"timestamp":"2026-08-30T12:10:39.152515","level":"info","event":"Rows affected: 1","logger":"airflow.task.hooks.airflow.providers.snowflake.hooks.snowflake.SnowflakeHook"}
{"timestamp":"2026-08-30T12:10:39.152565","level":"info","event":"Snowflake query id: 01c6bc3a-3203-3eee-0017-fcee00112422","logger":"airflow.task.hooks.airflow.providers.snowflake.hooks.snowflake.SnowflakeHook"}
{"timestamp":"2026-08-30T12:10:39.152600","level":"info","event":"Running statement: COPY INTO ZOMATO.RAW.menu        FROM @ZOMATO.RAW.ZOMATO_RAW_STAGE/menu/         ON_ERROR='CONTINUE', parameters: None","logger":"airflow.task.hooks.airflow.providers.snowflake.hooks.snowflake.SnowflakeHook"}
{"timestamp":"2026-08-30T12:10:39.152638","level":"info","event":"Running statement: COPY INTO ZOMATO.RAW.menu        FROM @ZOMATO.RAW.ZOMATO_RAW_STAGE/menu/         ON_ERROR='CONTINUE', parameters: None","logger":"airflow.task.hooks.airflow.providers.snowflake.hooks.snowflake.SnowflakeHook"}
{"timestamp":"2026-08-30T12:10:39.782313","level":"info","event":"Rows affected: 1","logger":"airflow.task.hooks.airflow.providers.snowflake.hooks.snowflake.SnowflakeHook"}
{"timestamp":"2026-08-30T12:10:39.783073","level":"info","event":"Rows affected: 1","logger":"airflow.task.hooks.airflow.providers.snowflake.hooks.snowflake.SnowflakeHook"}
{"timestamp":"2026-08-30T12:10:39.783206","level":"info","event":"Snowflake query id: 01c6bc3a-3203-3eee-0017-fcee00112426","logger":"airflow.task.hooks.airflow.providers.snowflake.hooks.snowflake.SnowflakeHook"}
{"timestamp":"2026-08-30T12:10:39.783277","level":"info","event":"Running statement: COPY INTO ZOMATO.RAW.orders      FROM @ZOMATO.RAW.ZOMATO_RAW_STAGE/orders/, parameters: None","logger":"airflow.task.hooks.airflow.providers.snowflake.hooks.snowflake.SnowflakeHook"}
{"timestamp":"2026-08-30T12:10:39.783339","level":"info","event":"Running statement: COPY INTO ZOMATO.RAW.orders      FROM @ZOMATO.RAW.ZOMATO_RAW_STAGE/orders/, parameters: None","logger":"airflow.task.hooks.airflow.providers.snowflake.hooks.snowflake.SnowflakeHook"}
{"timestamp":"2026-08-30T12:10:40.351931","level":"info","event":"Rows affected: 1","logger":"airflow.task.hooks.airflow.providers.snowflake.hooks.snowflake.SnowflakeHook"}
{"timestamp":"2026-08-30T12:10:40.352397","level":"info","event":"Rows affected: 1","logger":"airflow.task.hooks.airflow.providers.snowflake.hooks.snowflake.SnowflakeHook"}
{"timestamp":"2026-08-30T12:10:40.352484","level":"info","event":"Snowflake query id: 01c6bc3a-3203-3eee-0017-fcee0011242a","logger":"airflow.task.hooks.airflow.providers.snowflake.hooks.snowflake.SnowflakeHook"}
{"timestamp":"2026-08-30T12:10:40.352533","level":"info","event":"Running statement: COPY INTO ZOMATO.RAW.order_items FROM @ZOMATO.RAW.ZOMATO_RAW_STAGE/order_items/, parameters: None","logger":"airflow.task.hooks.airflow.providers.snowflake.hooks.snowflake.SnowflakeHook"}
{"timestamp":"2026-08-30T12:10:40.352576","level":"info","event":"Running statement: COPY INTO ZOMATO.RAW.order_items FROM @ZOMATO.RAW.ZOMATO_RAW_STAGE/order_items/, parameters: None","logger":"airflow.task.hooks.airflow.providers.snowflake.hooks.snowflake.SnowflakeHook"}
{"timestamp":"2026-08-30T12:10:40.916948","level":"info","event":"Rows affected: 1","logger":"airflow.task.hooks.airflow.providers.snowflake.hooks.snowflake.SnowflakeHook"}
{"timestamp":"2026-08-30T12:10:40.917692","level":"info","event":"Rows affected: 1","logger":"airflow.task.hooks.airflow.providers.snowflake.hooks.snowflake.SnowflakeHook"}
{"timestamp":"2026-08-30T12:10:40.917778","level":"info","event":"Snowflake query id: 01c6bc3a-3203-3d0b-0017-fcee0011450e","logger":"airflow.task.hooks.airflow.providers.snowflake.hooks.snowflake.SnowflakeHook"}
{"timestamp":"2026-08-30T12:10:40.917839","level":"info","event":"Running statement: COPY INTO ZOMATO.RAW.reviews     FROM @ZOMATO.RAW.ZOMATO_RAW_STAGE/reviews/, parameters: None","logger":"airflow.task.hooks.airflow.providers.snowflake.hooks.snowflake.SnowflakeHook"}
{"timestamp":"2026-08-30T12:10:40.917897","level":"info","event":"Running statement: COPY INTO ZOMATO.RAW.reviews     FROM @ZOMATO.RAW.ZOMATO_RAW_STAGE/reviews/, parameters: None","logger":"airflow.task.hooks.airflow.providers.snowflake.hooks.snowflake.SnowflakeHook"}
{"timestamp":"2026-08-30T12:10:42.224946","level":"info","event":"Rows affected: 1","logger":"airflow.task.hooks.airflow.providers.snowflake.hooks.snowflake.SnowflakeHook"}
{"timestamp":"2026-08-30T12:10:42.225164","level":"info","event":"Rows affected: 1","logger":"airflow.task.hooks.airflow.providers.snowflake.hooks.snowflake.SnowflakeHook"}
{"timestamp":"2026-08-30T12:10:42.225207","level":"info","event":"Snowflake query id: 01c6bc3a-3203-3d0b-0017-fcee00114512","logger":"airflow.task.hooks.airflow.providers.snowflake.hooks.snowflake.SnowflakeHook"}
{"timestamp":"2026-08-30T12:10:42.439324","level":"info","event":"result: [[('Statement executed successfully.',)], [('Copy executed with 0 files processed.',)], [('Copy executed with 0 files processed.',)], [('Copy executed with 0 files processed.',)], [('Copy executed with 0 files processed.',)], [('Copy executed with 0 files processed.',)], [('Copy executed with 0 files processed.',)], [('Copy executed with 0 files processed.',)]]","logger":"airflow.task.operators.airflow.providers.common.sql.operators.sql.SQLExecuteQueryOperator"}
{"timestamp":"2026-08-30T12:10:42.439936","level":"info","event":"Pushing xcom","ti":"RuntimeTaskInstance(id=UUID('01a05294-1ed5-7c2d-b4a9-a25286854b7a'), task_id='reload_raw', dag_id='zomato_batch', run_id='manual__2026-08-30T12:10:34.057300+00:00', try_number=1, map_index=-1, hostname='1b3d186139d1', context_carrier=None, task=<Task(SQLExecuteQueryOperator): reload_raw>, bundle_instance=LocalDagBundle(name=dags-folder), max_tries=0, start_date=datetime.datetime(2026, 8, 30, 12, 10, 34, 130872, tzinfo=datetime.timezone.utc), end_date=None, state=<TaskInstanceState.RUNNING: 'running'>, is_mapped=False, rendered_map_index=None, log_url='http://localhost:8080/dags/zomato_batch/runs/manual__2026-08-30T12%3A10%3A34.057300%2B00%3A00/tasks/reload_raw?try_number=1')","logger":"task"}
