{"timestamp":"2026-08-30T12:01:43.608256","level":"info","event":"DAG bundles loaded: dags-folder","logger":"airflow.dag_processing.bundles.manager.DagBundlesManager"}
{"timestamp":"2026-08-30T12:01:43.608590","level":"info","event":"Filling up the DagBag from /opt/airflow/dags/zomato_batch.py","logger":"airflow.models.dagbag.DagBag"}
{"timestamp":"2026-08-30T12:01:43.648299","level":"info","event":"Executing: ['USE WAREHOUSE ZOMATO_WH', \"COPY INTO ZOMATO.RAW.restaurants FROM @ZOMATO.RAW.ZOMATO_RAW_STAGE/restaurants/  ON_ERROR='CONTINUE'\", \"COPY INTO ZOMATO.RAW.users       FROM @ZOMATO.RAW.ZOMATO_RAW_STAGE/users/        ON_ERROR='CONTINUE'\", \"COPY INTO ZOMATO.RAW.food        FROM @ZOMATO.RAW.ZOMATO_RAW_STAGE/food/         ON_ERROR='CONTINUE'\", \"COPY INTO ZOMATO.RAW.menu        FROM @ZOMATO.RAW.ZOMATO_RAW_STAGE/menu/         ON_ERROR='CONTINUE'\", 'COPY INTO ZOMATO.RAW.orders      FROM @ZOMATO.RAW.ZOMATO_RAW_STAGE/orders/', 'COPY INTO ZOMATO.RAW.order_items FROM @ZOMATO.RAW.ZOMATO_RAW_STAGE/order_items/', 'COPY INTO ZOMATO.RAW.reviews     FROM @ZOMATO.RAW.ZOMATO_RAW_STAGE/reviews/']","logger":"airflow.task.operators.airflow.providers.common.sql.operators.sql.SQLExecuteQueryOperator"}
{"timestamp":"2026-08-30T12:01:43.652010","level":"info","event":"Connection Retrieved 'snowflake_airflow'","logger":"airflow.hooks.base"}
{"timestamp":"2026-08-30T12:01:43.961472","level":"info","event":"Connection Retrieved 'snowflake_airflow'","logger":"airflow.hooks.base"}
{"timestamp":"2026-08-30T12:01:43.987623","level":"info","event":"Snowflake Connector for Python Version: 3.16.0, Python Version: 3.12.11, Platform: Linux-7.0.12-linuxkit-aarch64-with-glibc2.36","logger":"snowflake.connector.connection"}
{"timestamp":"2026-08-30T12:01:43.987795","level":"info","event":"Connecting to GLOBAL Snowflake domain","logger":"snowflake.connector.connection"}
{"timestamp":"2026-08-30T12:01:45.035170","level":"info","event":"Running statement: USE WAREHOUSE ZOMATO_WH, parameters: None","logger":"airflow.task.hooks.airflow.providers.snowflake.hooks.snowflake.SnowflakeHook"}
{"timestamp":"2026-08-30T12:01:45.035746","level":"info","event":"Running statement: USE WAREHOUSE ZOMATO_WH, parameters: None","logger":"airflow.task.hooks.airflow.providers.snowflake.hooks.snowflake.SnowflakeHook"}
{"timestamp":"2026-08-30T12:01:45.272168","level":"info","event":"Rows affected: 1","logger":"airflow.task.hooks.airflow.providers.snowflake.hooks.snowflake.SnowflakeHook"}
{"timestamp":"2026-08-30T12:01:45.272539","level":"info","event":"Rows affected: 1","logger":"airflow.task.hooks.airflow.providers.snowflake.hooks.snowflake.SnowflakeHook"}
{"timestamp":"2026-08-30T12:01:45.272578","level":"info","event":"Snowflake query id: 01c6bc31-3203-3eee-0017-fcee001123da","logger":"airflow.task.hooks.airflow.providers.snowflake.hooks.snowflake.SnowflakeHook"}
{"timestamp":"2026-08-30T12:01:45.272605","level":"info","event":"Running statement: COPY INTO ZOMATO.RAW.restaurants FROM @ZOMATO.RAW.ZOMATO_RAW_STAGE/restaurants/  ON_ERROR='CONTINUE', parameters: None","logger":"airflow.task.hooks.airflow.providers.snowflake.hooks.snowflake.SnowflakeHook"}
{"timestamp":"2026-08-30T12:01:45.272629","level":"info","event":"Running statement: COPY INTO ZOMATO.RAW.restaurants FROM @ZOMATO.RAW.ZOMATO_RAW_STAGE/restaurants/  ON_ERROR='CONTINUE', parameters: None","logger":"airflow.task.hooks.airflow.providers.snowflake.hooks.snowflake.SnowflakeHook"}
{"timestamp":"2026-08-30T12:01:46.752463","level":"info","event":"Rows affected: 1","logger":"airflow.task.hooks.airflow.providers.snowflake.hooks.snowflake.SnowflakeHook"}
{"timestamp":"2026-08-30T12:01:46.752863","level":"info","event":"Rows affected: 1","logger":"airflow.task.hooks.airflow.providers.snowflake.hooks.snowflake.SnowflakeHook"}
{"timestamp":"2026-08-30T12:01:46.752938","level":"info","event":"Snowflake query id: 01c6bc31-3203-3eee-0017-fcee001123de","logger":"airflow.task.hooks.airflow.providers.snowflake.hooks.snowflake.SnowflakeHook"}
{"timestamp":"2026-08-30T12:01:46.753033","level":"info","event":"Running statement: COPY INTO ZOMATO.RAW.users       FROM @ZOMATO.RAW.ZOMATO_RAW_STAGE/users/        ON_ERROR='CONTINUE', parameters: None","logger":"airflow.task.hooks.airflow.providers.snowflake.hooks.snowflake.SnowflakeHook"}
{"timestamp":"2026-08-30T12:01:46.753087","level":"info","event":"Running statement: COPY INTO ZOMATO.RAW.users       FROM @ZOMATO.RAW.ZOMATO_RAW_STAGE/users/        ON_ERROR='CONTINUE', parameters: None","logger":"airflow.task.hooks.airflow.providers.snowflake.hooks.snowflake.SnowflakeHook"}
{"timestamp":"2026-08-30T12:01:47.696228","level":"info","event":"Rows affected: 1","logger":"airflow.task.hooks.airflow.providers.snowflake.hooks.snowflake.SnowflakeHook"}
{"timestamp":"2026-08-30T12:01:47.697087","level":"info","event":"Rows affected: 1","logger":"airflow.task.hooks.airflow.providers.snowflake.hooks.snowflake.SnowflakeHook"}
{"timestamp":"2026-08-30T12:01:47.697230","level":"info","event":"Snowflake query id: 01c6bc31-3203-3eee-0017-fcee001123e2","logger":"airflow.task.hooks.airflow.providers.snowflake.hooks.snowflake.SnowflakeHook"}
{"timestamp":"2026-08-30T12:01:47.697305","level":"info","event":"Running statement: COPY INTO ZOMATO.RAW.food        FROM @ZOMATO.RAW.ZOMATO_RAW_STAGE/food/         ON_ERROR='CONTINUE', parameters: None","logger":"airflow.task.hooks.airflow.providers.snowflake.hooks.snowflake.SnowflakeHook"}
{"timestamp":"2026-08-30T12:01:47.697377","level":"info","event":"Running statement: COPY INTO ZOMATO.RAW.food        FROM @ZOMATO.RAW.ZOMATO_RAW_STAGE/food/         ON_ERROR='CONTINUE', parameters: None","logger":"airflow.task.hooks.airflow.providers.snowflake.hooks.snowflake.SnowflakeHook"}
{"timestamp":"2026-08-30T12:01:48.515526","level":"info","event":"Rows affected: 1","logger":"airflow.task.hooks.airflow.providers.snowflake.hooks.snowflake.SnowflakeHook"}
{"timestamp":"2026-08-30T12:01:48.515855","level":"info","event":"Rows affected: 1","logger":"airflow.task.hooks.airflow.providers.snowflake.hooks.snowflake.SnowflakeHook"}
{"timestamp":"2026-08-30T12:01:48.515922","level":"info","event":"Snowflake query id: 01c6bc31-3203-3eee-0017-fcee001123e6","logger":"airflow.task.hooks.airflow.providers.snowflake.hooks.snowflake.SnowflakeHook"}
{"timestamp":"2026-08-30T12:01:48.515973","level":"info","event":"Running statement: COPY INTO ZOMATO.RAW.menu        FROM @ZOMATO.RAW.ZOMATO_RAW_STAGE/menu/         ON_ERROR='CONTINUE', parameters: None","logger":"airflow.task.hooks.airflow.providers.snowflake.hooks.snowflake.SnowflakeHook"}
{"timestamp":"2026-08-30T12:01:48.516444","level":"info","event":"Running statement: COPY INTO ZOMATO.RAW.menu        FROM @ZOMATO.RAW.ZOMATO_RAW_STAGE/menu/         ON_ERROR='CONTINUE', parameters: None","logger":"airflow.task.hooks.airflow.providers.snowflake.hooks.snowflake.SnowflakeHook"}
{"timestamp":"2026-08-30T12:01:49.745980","level":"info","event":"Rows affected: 1","logger":"airflow.task.hooks.airflow.providers.snowflake.hooks.snowflake.SnowflakeHook"}
{"timestamp":"2026-08-30T12:01:49.746803","level":"info","event":"Rows affected: 1","logger":"airflow.task.hooks.airflow.providers.snowflake.hooks.snowflake.SnowflakeHook"}
{"timestamp":"2026-08-30T12:01:49.746920","level":"info","event":"Snowflake query id: 01c6bc31-3203-3d0b-0017-fcee001144da","logger":"airflow.task.hooks.airflow.providers.snowflake.hooks.snowflake.SnowflakeHook"}
{"timestamp":"2026-08-30T12:01:49.747027","level":"info","event":"Running statement: COPY INTO ZOMATO.RAW.orders      FROM @ZOMATO.RAW.ZOMATO_RAW_STAGE/orders/, parameters: None","logger":"airflow.task.hooks.airflow.providers.snowflake.hooks.snowflake.SnowflakeHook"}
{"timestamp":"2026-08-30T12:01:49.747097","level":"info","event":"Running statement: COPY INTO ZOMATO.RAW.orders      FROM @ZOMATO.RAW.ZOMATO_RAW_STAGE/orders/, parameters: None","logger":"airflow.task.hooks.airflow.providers.snowflake.hooks.snowflake.SnowflakeHook"}
{"timestamp":"2026-08-30T12:01:50.358467","level":"info","event":"Rows affected: 1","logger":"airflow.task.hooks.airflow.providers.snowflake.hooks.snowflake.SnowflakeHook"}
{"timestamp":"2026-08-30T12:01:50.359161","level":"info","event":"Rows affected: 1","logger":"airflow.task.hooks.airflow.providers.snowflake.hooks.snowflake.SnowflakeHook"}
{"timestamp":"2026-08-30T12:01:50.359233","level":"info","event":"Snowflake query id: 01c6bc31-3203-3d0b-0017-fcee001144de","logger":"airflow.task.hooks.airflow.providers.snowflake.hooks.snowflake.SnowflakeHook"}
{"timestamp":"2026-08-30T12:01:50.359285","level":"info","event":"Running statement: COPY INTO ZOMATO.RAW.order_items FROM @ZOMATO.RAW.ZOMATO_RAW_STAGE/order_items/, parameters: None","logger":"airflow.task.hooks.airflow.providers.snowflake.hooks.snowflake.SnowflakeHook"}
{"timestamp":"2026-08-30T12:01:50.359344","level":"info","event":"Running statement: COPY INTO ZOMATO.RAW.order_items FROM @ZOMATO.RAW.ZOMATO_RAW_STAGE/order_items/, parameters: None","logger":"airflow.task.hooks.airflow.providers.snowflake.hooks.snowflake.SnowflakeHook"}
{"timestamp":"2026-08-30T12:01:51.072890","level":"info","event":"Rows affected: 1","logger":"airflow.task.hooks.airflow.providers.snowflake.hooks.snowflake.SnowflakeHook"}
{"timestamp":"2026-08-30T12:01:51.073018","level":"info","event":"Rows affected: 1","logger":"airflow.task.hooks.airflow.providers.snowflake.hooks.snowflake.SnowflakeHook"}
{"timestamp":"2026-08-30T12:01:51.073053","level":"info","event":"Snowflake query id: 01c6bc31-3203-3eee-0017-fcee001123ea","logger":"airflow.task.hooks.airflow.providers.snowflake.hooks.snowflake.SnowflakeHook"}
{"timestamp":"2026-08-30T12:01:51.073083","level":"info","event":"Running statement: COPY INTO ZOMATO.RAW.reviews     FROM @ZOMATO.RAW.ZOMATO_RAW_STAGE/reviews/, parameters: None","logger":"airflow.task.hooks.airflow.providers.snowflake.hooks.snowflake.SnowflakeHook"}
{"timestamp":"2026-08-30T12:01:51.073118","level":"info","event":"Running statement: COPY INTO ZOMATO.RAW.reviews     FROM @ZOMATO.RAW.ZOMATO_RAW_STAGE/reviews/, parameters: None","logger":"airflow.task.hooks.airflow.providers.snowflake.hooks.snowflake.SnowflakeHook"}
{"timestamp":"2026-08-30T12:01:51.618189","level":"info","event":"Rows affected: 1","logger":"airflow.task.hooks.airflow.providers.snowflake.hooks.snowflake.SnowflakeHook"}
{"timestamp":"2026-08-30T12:01:51.618327","level":"info","event":"Rows affected: 1","logger":"airflow.task.hooks.airflow.providers.snowflake.hooks.snowflake.SnowflakeHook"}
{"timestamp":"2026-08-30T12:01:51.618360","level":"info","event":"Snowflake query id: 01c6bc31-3203-3d0b-0017-fcee001144e2","logger":"airflow.task.hooks.airflow.providers.snowflake.hooks.snowflake.SnowflakeHook"}
{"timestamp":"2026-08-30T12:01:51.843155","level":"info","event":"result: [[('Statement executed successfully.',)], [('Copy executed with 0 files processed.',)], [('Copy executed with 0 files processed.',)], [('Copy executed with 0 files processed.',)], [('Copy executed with 0 files processed.',)], [('Copy executed with 0 files processed.',)], [('Copy executed with 0 files processed.',)], [('Copy executed with 0 files processed.',)]]","logger":"airflow.task.operators.airflow.providers.common.sql.operators.sql.SQLExecuteQueryOperator"}
{"timestamp":"2026-08-30T12:01:51.843488","level":"info","event":"Pushing xcom","ti":"RuntimeTaskInstance(id=UUID('01a0528c-0273-7e67-a42e-1f74681f1d5d'), task_id='reload_raw', dag_id='zomato_batch', run_id='manual__2026-08-30T12:01:42.503185+00:00', try_number=1, map_index=-1, hostname='1b3d186139d1', context_carrier=None, task=<Task(SQLExecuteQueryOperator): reload_raw>, bundle_instance=LocalDagBundle(name=dags-folder), max_tries=0, start_date=datetime.datetime(2026, 8, 30, 12, 1, 43, 578648, tzinfo=datetime.timezone.utc), end_date=None, state=<TaskInstanceState.RUNNING: 'running'>, is_mapped=False, rendered_map_index=None, log_url='http://localhost:8080/dags/zomato_batch/runs/manual__2026-08-30T12%3A01%3A42.503185%2B00%3A00/tasks/reload_raw?try_number=1')","logger":"task"}
