{"timestamp":"2026-08-30T12:13:58.695448","level":"info","event":"DAG bundles loaded: dags-folder","logger":"airflow.dag_processing.bundles.manager.DagBundlesManager"}
{"timestamp":"2026-08-30T12:13:58.695714","level":"info","event":"Filling up the DagBag from /opt/airflow/dags/zomato_batch.py","logger":"airflow.models.dagbag.DagBag"}
{"timestamp":"2026-08-30T12:13:58.723420","level":"info","event":"Tmp dir root location: /tmp","logger":"airflow.task.hooks.airflow.providers.standard.hooks.subprocess.SubprocessHook"}
{"timestamp":"2026-08-30T12:13:58.723993","level":"info","event":"Running command: ['/usr/bin/bash', '-c', '/opt/airflow/dbt_venv/bin/dbt build --project-dir /opt/airflow/dbt/zomato --profiles-dir /opt/airflow/dbt/zomato']","logger":"airflow.task.hooks.airflow.providers.standard.hooks.subprocess.SubprocessHook"}
{"timestamp":"2026-08-30T12:13:58.727397","level":"info","event":"Output:","logger":"airflow.task.hooks.airflow.providers.standard.hooks.subprocess.SubprocessHook"}
{"timestamp":"2026-08-30T12:13:59.483031","level":"info","event":"\u001b[0m12:13:59  Running with dbt=1.12.3","logger":"airflow.task.hooks.airflow.providers.standard.hooks.subprocess.SubprocessHook"}
{"timestamp":"2026-08-30T12:13:59.666599","level":"info","event":"\u001b[0m12:13:59  Registered adapter: snowflake=1.8.4","logger":"airflow.task.hooks.airflow.providers.standard.hooks.subprocess.SubprocessHook"}
{"timestamp":"2026-08-30T12:13:59.751539","level":"info","event":"\u001b[0m12:13:59  [\u001b[33mWARNING\u001b[0m]: Configuration paths exist in your dbt_project.yml file which do not apply to any resources.","logger":"airflow.task.hooks.airflow.providers.standard.hooks.subprocess.SubprocessHook"}
{"timestamp":"2026-08-30T12:13:59.751599","level":"info","event":"There are 1 unused configuration paths:","logger":"airflow.task.hooks.airflow.providers.standard.hooks.subprocess.SubprocessHook"}
{"timestamp":"2026-08-30T12:13:59.751624","level":"info","event":"- models.snapshot.zomato","logger":"airflow.task.hooks.airflow.providers.standard.hooks.subprocess.SubprocessHook"}
{"timestamp":"2026-08-30T12:13:59.822901","level":"info","event":"\u001b[0m12:13:59  Found 16 models, 16 data tests, 7 sources, 506 macros","logger":"airflow.task.hooks.airflow.providers.standard.hooks.subprocess.SubprocessHook"}
{"timestamp":"2026-08-30T12:13:59.824300","level":"info","event":"\u001b[0m12:13:59","logger":"airflow.task.hooks.airflow.providers.standard.hooks.subprocess.SubprocessHook"}
{"timestamp":"2026-08-30T12:13:59.824504","level":"info","event":"\u001b[0m12:13:59  Concurrency: 8 threads (target='dev')","logger":"airflow.task.hooks.airflow.providers.standard.hooks.subprocess.SubprocessHook"}
{"timestamp":"2026-08-30T12:13:59.824685","level":"info","event":"\u001b[0m12:13:59","logger":"airflow.task.hooks.airflow.providers.standard.hooks.subprocess.SubprocessHook"}
{"timestamp":"2026-08-30T12:14:05.261502","level":"info","event":"\u001b[0m12:14:05  1 of 32 START sql view model marts.dim_date .................................... [RUN]","logger":"airflow.task.hooks.airflow.providers.standard.hooks.subprocess.SubprocessHook"}
{"timestamp":"2026-08-30T12:14:05.262438","level":"info","event":"\u001b[0m12:14:05  2 of 32 START sql view model staging.stg_food .................................. [RUN]","logger":"airflow.task.hooks.airflow.providers.standard.hooks.subprocess.SubprocessHook"}
{"timestamp":"2026-08-30T12:14:05.263970","level":"info","event":"\u001b[0m12:14:05  3 of 32 START sql view model staging.stg_menu .................................. [RUN]","logger":"airflow.task.hooks.airflow.providers.standard.hooks.subprocess.SubprocessHook"}
{"timestamp":"2026-08-30T12:14:05.265407","level":"info","event":"\u001b[0m12:14:05  4 of 32 START sql view model staging.stg_order_items ........................... [RUN]","logger":"airflow.task.hooks.airflow.providers.standard.hooks.subprocess.SubprocessHook"}
{"timestamp":"2026-08-30T12:14:05.266079","level":"info","event":"\u001b[0m12:14:05  5 of 32 START sql view model staging.stg_orders ................................ [RUN]","logger":"airflow.task.hooks.airflow.providers.standard.hooks.subprocess.SubprocessHook"}
{"timestamp":"2026-08-30T12:14:05.267079","level":"info","event":"\u001b[0m12:14:05  6 of 32 START sql view model staging.stg_restaurants ........................... [RUN]","logger":"airflow.task.hooks.airflow.providers.standard.hooks.subprocess.SubprocessHook"}
{"timestamp":"2026-08-30T12:14:05.267546","level":"info","event":"\u001b[0m12:14:05  7 of 32 START sql view model staging.stg_users ................................. [RUN]","logger":"airflow.task.hooks.airflow.providers.standard.hooks.subprocess.SubprocessHook"}
{"timestamp":"2026-08-30T12:14:06.503539","level":"info","event":"\u001b[0m12:14:06  7 of 32 OK created sql view model staging.stg_users ............................ [\u001b[32mSUCCESS 1\u001b[0m in 1.23s]","logger":"airflow.task.hooks.airflow.providers.standard.hooks.subprocess.SubprocessHook"}
{"timestamp":"2026-08-30T12:14:06.504577","level":"info","event":"\u001b[0m12:14:06  1 of 32 OK created sql view model marts.dim_date ............................... [\u001b[32mSUCCESS 1\u001b[0m in 1.24s]","logger":"airflow.task.hooks.airflow.providers.standard.hooks.subprocess.SubprocessHook"}
{"timestamp":"2026-08-30T12:14:06.508916","level":"info","event":"\u001b[0m12:14:06  8 of 32 START test not_null_stg_users_customer_id .............................. [RUN]","logger":"airflow.task.hooks.airflow.providers.standard.hooks.subprocess.SubprocessHook"}
{"timestamp":"2026-08-30T12:14:06.509370","level":"info","event":"\u001b[0m12:14:06  9 of 32 START test unique_stg_users_customer_id ................................ [RUN]","logger":"airflow.task.hooks.airflow.providers.standard.hooks.subprocess.SubprocessHook"}
{"timestamp":"2026-08-30T12:14:06.587308","level":"info","event":"\u001b[0m12:14:06  5 of 32 OK created sql view model staging.stg_orders ........................... [\u001b[32mSUCCESS 1\u001b[0m in 1.31s]","logger":"airflow.task.hooks.airflow.providers.standard.hooks.subprocess.SubprocessHook"}
{"timestamp":"2026-08-30T12:14:06.587637","level":"info","event":"\u001b[0m12:14:06  2 of 32 OK created sql view model staging.stg_food ............................. [\u001b[32mSUCCESS 1\u001b[0m in 1.32s]","logger":"airflow.task.hooks.airflow.providers.standard.hooks.subprocess.SubprocessHook"}
{"timestamp":"2026-08-30T12:14:06.588021","level":"info","event":"\u001b[0m12:14:06  3 of 32 OK created sql view model staging.stg_menu ............................. [\u001b[32mSUCCESS 1\u001b[0m in 1.32s]","logger":"airflow.task.hooks.airflow.providers.standard.hooks.subprocess.SubprocessHook"}
{"timestamp":"2026-08-30T12:14:06.588654","level":"info","event":"\u001b[0m12:14:06  4 of 32 OK created sql view model staging.stg_order_items ...................... [\u001b[32mSUCCESS 1\u001b[0m in 1.32s]","logger":"airflow.task.hooks.airflow.providers.standard.hooks.subprocess.SubprocessHook"}
{"timestamp":"2026-08-30T12:14:06.598954","level":"info","event":"\u001b[0m12:14:06  10 of 32 START test not_null_stg_orders_customer_id ............................ [RUN]","logger":"airflow.task.hooks.airflow.providers.standard.hooks.subprocess.SubprocessHook"}
{"timestamp":"2026-08-30T12:14:06.599261","level":"info","event":"\u001b[0m12:14:06  11 of 32 START test not_null_stg_orders_order_id ............................... [RUN]","logger":"airflow.task.hooks.airflow.providers.standard.hooks.subprocess.SubprocessHook"}
{"timestamp":"2026-08-30T12:14:06.599541","level":"info","event":"\u001b[0m12:14:06  12 of 32 START test not_null_stg_orders_restaurant_id .......................... [RUN]","logger":"airflow.task.hooks.airflow.providers.standard.hooks.subprocess.SubprocessHook"}
{"timestamp":"2026-08-30T12:14:06.599828","level":"info","event":"\u001b[0m12:14:06  13 of 32 START test unique_stg_orders_order_id ................................. [RUN]","logger":"airflow.task.hooks.airflow.providers.standard.hooks.subprocess.SubprocessHook"}
{"timestamp":"2026-08-30T12:14:06.600627","level":"info","event":"\u001b[0m12:14:06  14 of 32 START sql view model marts.dim_food ................................... [RUN]","logger":"airflow.task.hooks.airflow.providers.standard.hooks.subprocess.SubprocessHook"}
{"timestamp":"2026-08-30T12:14:06.703437","level":"info","event":"\u001b[0m12:14:06  6 of 32 OK created sql view model staging.stg_restaurants ...................... [\u001b[32mSUCCESS 1\u001b[0m in 1.34s]","logger":"airflow.task.hooks.airflow.providers.standard.hooks.subprocess.SubprocessHook"}
{"timestamp":"2026-08-30T12:14:06.720176","level":"info","event":"\u001b[0m12:14:06  15 of 32 START test not_null_stg_order_items_order_item_id ..................... [RUN]","logger":"airflow.task.hooks.airflow.providers.standard.hooks.subprocess.SubprocessHook"}
{"timestamp":"2026-08-30T12:14:07.730427","level":"info","event":"\u001b[0m12:14:07  12 of 32 PASS not_null_stg_orders_restaurant_id ................................ [\u001b[32mPASS\u001b[0m in 1.13s]","logger":"airflow.task.hooks.airflow.providers.standard.hooks.subprocess.SubprocessHook"}
{"timestamp":"2026-08-30T12:14:07.733425","level":"info","event":"\u001b[0m12:14:07  16 of 32 START test unique_stg_order_items_order_item_id ....................... [RUN]","logger":"airflow.task.hooks.airflow.providers.standard.hooks.subprocess.SubprocessHook"}
{"timestamp":"2026-08-30T12:14:07.823636","level":"info","event":"\u001b[0m12:14:07  11 of 32 PASS not_null_stg_orders_order_id ..................................... [\u001b[32mPASS\u001b[0m in 1.22s]","logger":"airflow.task.hooks.airflow.providers.standard.hooks.subprocess.SubprocessHook"}
{"timestamp":"2026-08-30T12:14:07.824465","level":"info","event":"\u001b[0m12:14:07  17 of 32 START test not_null_stg_restaurants_restaurant_id ..................... [RUN]","logger":"airflow.task.hooks.airflow.providers.standard.hooks.subprocess.SubprocessHook"}
{"timestamp":"2026-08-30T12:14:07.828237","level":"info","event":"\u001b[0m12:14:07  8 of 32 PASS not_null_stg_users_customer_id .................................... [\u001b[32mPASS\u001b[0m in 1.32s]","logger":"airflow.task.hooks.airflow.providers.standard.hooks.subprocess.SubprocessHook"}
{"timestamp":"2026-08-30T12:14:07.828944","level":"info","event":"\u001b[0m12:14:07  18 of 32 START test unique_stg_restaurants_restaurant_id ....................... [RUN]","logger":"airflow.task.hooks.airflow.providers.standard.hooks.subprocess.SubprocessHook"}
{"timestamp":"2026-08-30T12:14:07.931438","level":"info","event":"\u001b[0m12:14:07  15 of 32 PASS not_null_stg_order_items_order_item_id ........................... [\u001b[32mPASS\u001b[0m in 1.21s]","logger":"airflow.task.hooks.airflow.providers.standard.hooks.subprocess.SubprocessHook"}
{"timestamp":"2026-08-30T12:14:07.933477","level":"info","event":"\u001b[0m12:14:07  10 of 32 PASS not_null_stg_orders_customer_id .................................. [\u001b[32mPASS\u001b[0m in 1.33s]","logger":"airflow.task.hooks.airflow.providers.standard.hooks.subprocess.SubprocessHook"}
{"timestamp":"2026-08-30T12:14:07.982198","level":"info","event":"\u001b[0m12:14:07  14 of 32 OK created sql view model marts.dim_food .............................. [\u001b[32mSUCCESS 1\u001b[0m in 1.38s]","logger":"airflow.task.hooks.airflow.providers.standard.hooks.subprocess.SubprocessHook"}
{"timestamp":"2026-08-30T12:14:08.049794","level":"info","event":"\u001b[0m12:14:08  9 of 32 PASS unique_stg_users_customer_id ...................................... [\u001b[32mPASS\u001b[0m in 1.54s]","logger":"airflow.task.hooks.airflow.providers.standard.hooks.subprocess.SubprocessHook"}
{"timestamp":"2026-08-30T12:14:08.050860","level":"info","event":"\u001b[0m12:14:08  19 of 32 START sql view model marts.dim_customer ............................... [RUN]","logger":"airflow.task.hooks.airflow.providers.standard.hooks.subprocess.SubprocessHook"}
{"timestamp":"2026-08-30T12:14:08.117442","level":"info","event":"\u001b[0m12:14:08  13 of 32 PASS unique_stg_orders_order_id ....................................... [\u001b[32mPASS\u001b[0m in 1.52s]","logger":"airflow.task.hooks.airflow.providers.standard.hooks.subprocess.SubprocessHook"}
{"timestamp":"2026-08-30T12:14:08.118452","level":"info","event":"\u001b[0m12:14:08  20 of 32 START sql incremental model marts.fct_orders .......................... [RUN]","logger":"airflow.task.hooks.airflow.providers.standard.hooks.subprocess.SubprocessHook"}
{"timestamp":"2026-08-30T12:14:08.784981","level":"info","event":"\u001b[0m12:14:08  17 of 32 PASS not_null_stg_restaurants_restaurant_id ........................... [\u001b[32mPASS\u001b[0m in 0.96s]","logger":"airflow.task.hooks.airflow.providers.standard.hooks.subprocess.SubprocessHook"}
{"timestamp":"2026-08-30T12:14:09.003444","level":"info","event":"\u001b[0m12:14:09  18 of 32 PASS unique_stg_restaurants_restaurant_id ............................. [\u001b[32mPASS\u001b[0m in 1.17s]","logger":"airflow.task.hooks.airflow.providers.standard.hooks.subprocess.SubprocessHook"}
{"timestamp":"2026-08-30T12:14:09.006332","level":"info","event":"\u001b[0m12:14:09  21 of 32 START sql view model marts.dim_restaurants ............................ [RUN]","logger":"airflow.task.hooks.airflow.providers.standard.hooks.subprocess.SubprocessHook"}
{"timestamp":"2026-08-30T12:14:09.006958","level":"info","event":"\u001b[0m12:14:09  22 of 32 START sql view model staging.stg_reviews .............................. [RUN]","logger":"airflow.task.hooks.airflow.providers.standard.hooks.subprocess.SubprocessHook"}
{"timestamp":"2026-08-30T12:14:09.103471","level":"info","event":"\u001b[0m12:14:09  16 of 32 PASS unique_stg_order_items_order_item_id ............................. [\u001b[32mPASS\u001b[0m in 1.37s]","logger":"airflow.task.hooks.airflow.providers.standard.hooks.subprocess.SubprocessHook"}
{"timestamp":"2026-08-30T12:14:09.129459","level":"info","event":"\u001b[0m12:14:09  19 of 32 OK created sql view model marts.dim_customer .......................... [\u001b[32mSUCCESS 1\u001b[0m in 1.05s]","logger":"airflow.task.hooks.airflow.providers.standard.hooks.subprocess.SubprocessHook"}
{"timestamp":"2026-08-30T12:14:09.139571","level":"info","event":"\u001b[0m12:14:09  23 of 32 START sql incremental model marts.fct_order_items ..................... [RUN]","logger":"airflow.task.hooks.airflow.providers.standard.hooks.subprocess.SubprocessHook"}
{"timestamp":"2026-08-30T12:14:10.076518","level":"info","event":"\u001b[0m12:14:10  21 of 32 OK created sql view model marts.dim_restaurants ....................... [\u001b[32mSUCCESS 1\u001b[0m in 1.07s]","logger":"airflow.task.hooks.airflow.providers.standard.hooks.subprocess.SubprocessHook"}
{"timestamp":"2026-08-30T12:14:10.241466","level":"info","event":"\u001b[0m12:14:10  22 of 32 OK created sql view model staging.stg_reviews ......................... [\u001b[32mSUCCESS 1\u001b[0m in 1.23s]","logger":"airflow.task.hooks.airflow.providers.standard.hooks.subprocess.SubprocessHook"}
{"timestamp":"2026-08-30T12:14:10.243115","level":"info","event":"\u001b[0m12:14:10  24 of 32 START test not_null_stg_reviews_review_id ............................. [RUN]","logger":"airflow.task.hooks.airflow.providers.standard.hooks.subprocess.SubprocessHook"}
{"timestamp":"2026-08-30T12:14:10.243501","level":"info","event":"\u001b[0m12:14:10  25 of 32 START test unique_stg_reviews_review_id ............................... [RUN]","logger":"airflow.task.hooks.airflow.providers.standard.hooks.subprocess.SubprocessHook"}
{"timestamp":"2026-08-30T12:14:11.138297","level":"info","event":"\u001b[0m12:14:11  20 of 32 OK created sql incremental model marts.fct_orders ..................... [\u001b[32mSUCCESS 0\u001b[0m in 3.02s]","logger":"airflow.task.hooks.airflow.providers.standard.hooks.subprocess.SubprocessHook"}
{"timestamp":"2026-08-30T12:14:11.141416","level":"info","event":"\u001b[0m12:14:11  26 of 32 START test accepted_values_fct_orders_order_status__Delivered__Cancelled__Refunded  [RUN]","logger":"airflow.task.hooks.airflow.providers.standard.hooks.subprocess.SubprocessHook"}
{"timestamp":"2026-08-30T12:14:11.142150","level":"info","event":"\u001b[0m12:14:11  27 of 32 START test not_null_fct_orders_order_id ............................... [RUN]","logger":"airflow.task.hooks.airflow.providers.standard.hooks.subprocess.SubprocessHook"}
{"timestamp":"2026-08-30T12:14:11.142658","level":"info","event":"\u001b[0m12:14:11  28 of 32 START test relationships_fct_orders_customer_id__customer_id__ref_dim_customer_  [RUN]","logger":"airflow.task.hooks.airflow.providers.standard.hooks.subprocess.SubprocessHook"}
{"timestamp":"2026-08-30T12:14:11.143661","level":"info","event":"\u001b[0m12:14:11  29 of 32 START test unique_fct_orders_order_id ................................. [RUN]","logger":"airflow.task.hooks.airflow.providers.standard.hooks.subprocess.SubprocessHook"}
{"timestamp":"2026-08-30T12:14:11.192454","level":"info","event":"\u001b[0m12:14:11  24 of 32 PASS not_null_stg_reviews_review_id ................................... [\u001b[32mPASS\u001b[0m in 0.95s]","logger":"airflow.task.hooks.airflow.providers.standard.hooks.subprocess.SubprocessHook"}
{"timestamp":"2026-08-30T12:14:11.399691","level":"info","event":"\u001b[0m12:14:11  25 of 32 PASS unique_stg_reviews_review_id ..................................... [\u001b[32mPASS\u001b[0m in 1.16s]","logger":"airflow.task.hooks.airflow.providers.standard.hooks.subprocess.SubprocessHook"}
{"timestamp":"2026-08-30T12:14:12.230923","level":"info","event":"\u001b[0m12:14:12  23 of 32 OK created sql incremental model marts.fct_order_items ................ [\u001b[32mSUCCESS 0\u001b[0m in 3.09s]","logger":"airflow.task.hooks.airflow.providers.standard.hooks.subprocess.SubprocessHook"}
{"timestamp":"2026-08-30T12:14:12.234233","level":"info","event":"\u001b[0m12:14:12  27 of 32 PASS not_null_fct_orders_order_id ..................................... [\u001b[32mPASS\u001b[0m in 1.09s]","logger":"airflow.task.hooks.airflow.providers.standard.hooks.subprocess.SubprocessHook"}
{"timestamp":"2026-08-30T12:14:12.394266","level":"info","event":"\u001b[0m12:14:12  26 of 32 PASS accepted_values_fct_orders_order_status__Delivered__Cancelled__Refunded  [\u001b[32mPASS\u001b[0m in 1.25s]","logger":"airflow.task.hooks.airflow.providers.standard.hooks.subprocess.SubprocessHook"}
{"timestamp":"2026-08-30T12:14:12.467451","level":"info","event":"\u001b[0m12:14:12  28 of 32 PASS relationships_fct_orders_customer_id__customer_id__ref_dim_customer_  [\u001b[32mPASS\u001b[0m in 1.32s]","logger":"airflow.task.hooks.airflow.providers.standard.hooks.subprocess.SubprocessHook"}
{"timestamp":"2026-08-30T12:14:12.481716","level":"info","event":"\u001b[0m12:14:12  29 of 32 PASS unique_fct_orders_order_id ....................................... [\u001b[32mPASS\u001b[0m in 1.34s]","logger":"airflow.task.hooks.airflow.providers.standard.hooks.subprocess.SubprocessHook"}
{"timestamp":"2026-08-30T12:14:12.485446","level":"info","event":"\u001b[0m12:14:12  30 of 32 START sql view model marts.mart_daily_city_revenue .................... [RUN]","logger":"airflow.task.hooks.airflow.providers.standard.hooks.subprocess.SubprocessHook"}
{"timestamp":"2026-08-30T12:14:12.486153","level":"info","event":"\u001b[0m12:14:12  31 of 32 START sql view model marts.mart_delivery_sla .......................... [RUN]","logger":"airflow.task.hooks.airflow.providers.standard.hooks.subprocess.SubprocessHook"}
{"timestamp":"2026-08-30T12:14:12.486676","level":"info","event":"\u001b[0m12:14:12  32 of 32 START sql view model marts.mart_restaurant_performance ................ [RUN]","logger":"airflow.task.hooks.airflow.providers.standard.hooks.subprocess.SubprocessHook"}
{"timestamp":"2026-08-30T12:14:13.548873","level":"info","event":"\u001b[0m12:14:13  30 of 32 OK created sql view model marts.mart_daily_city_revenue ............... [\u001b[32mSUCCESS 1\u001b[0m in 1.06s]","logger":"airflow.task.hooks.airflow.providers.standard.hooks.subprocess.SubprocessHook"}
{"timestamp":"2026-08-30T12:14:13.592032","level":"info","event":"\u001b[0m12:14:13  31 of 32 OK created sql view model marts.mart_delivery_sla ..................... [\u001b[32mSUCCESS 1\u001b[0m in 1.10s]","logger":"airflow.task.hooks.airflow.providers.standard.hooks.subprocess.SubprocessHook"}
{"timestamp":"2026-08-30T12:14:13.612380","level":"info","event":"\u001b[0m12:14:13  32 of 32 OK created sql view model marts.mart_restaurant_performance ........... [\u001b[32mSUCCESS 1\u001b[0m in 1.12s]","logger":"airflow.task.hooks.airflow.providers.standard.hooks.subprocess.SubprocessHook"}
{"timestamp":"2026-08-30T12:14:13.618722","level":"info","event":"\u001b[0m12:14:13","logger":"airflow.task.hooks.airflow.providers.standard.hooks.subprocess.SubprocessHook"}
{"timestamp":"2026-08-30T12:14:13.618993","level":"info","event":"\u001b[0m12:14:13  Finished running 2 incremental models, 16 data tests, 14 view models in 0 hours 0 minutes and 13.79 seconds (13.79s).","logger":"airflow.task.hooks.airflow.providers.standard.hooks.subprocess.SubprocessHook"}
{"timestamp":"2026-08-30T12:14:13.665222","level":"info","event":"\u001b[0m12:14:13","logger":"airflow.task.hooks.airflow.providers.standard.hooks.subprocess.SubprocessHook"}
{"timestamp":"2026-08-30T12:14:13.665488","level":"info","event":"\u001b[0m12:14:13  \u001b[32mCompleted successfully\u001b[0m","logger":"airflow.task.hooks.airflow.providers.standard.hooks.subprocess.SubprocessHook"}
{"timestamp":"2026-08-30T12:14:13.665728","level":"info","event":"\u001b[0m12:14:13","logger":"airflow.task.hooks.airflow.providers.standard.hooks.subprocess.SubprocessHook"}
{"timestamp":"2026-08-30T12:14:13.665971","level":"info","event":"\u001b[0m12:14:13  Done. PASS=32 WARN=0 ERROR=0 SKIP=0 NO-OP=0 REUSED=0 TOTAL=32","logger":"airflow.task.hooks.airflow.providers.standard.hooks.subprocess.SubprocessHook"}
{"timestamp":"2026-08-30T12:14:15.697671","level":"info","event":"Command exited with return code 0","logger":"airflow.task.hooks.airflow.providers.standard.hooks.subprocess.SubprocessHook"}
{"timestamp":"2026-08-30T12:14:15.698198","level":"info","event":"Pushing xcom","ti":"RuntimeTaskInstance(id=UUID('01a05297-0171-7868-be9f-d53c043283f3'), task_id='dbt_build_code', dag_id='zomato_batch', run_id='manual__2026-08-30T12:13:43.136031+00:00', try_number=1, map_index=-1, hostname='1b3d186139d1', context_carrier=None, task=<Task(BashOperator): dbt_build_code>, bundle_instance=LocalDagBundle(name=dags-folder), max_tries=0, start_date=datetime.datetime(2026, 8, 30, 12, 13, 58, 670973, tzinfo=datetime.timezone.utc), end_date=None, state=<TaskInstanceState.RUNNING: 'running'>, is_mapped=False, rendered_map_index=None, log_url='http://localhost:8080/dags/zomato_batch/runs/manual__2026-08-30T12%3A13%3A43.136031%2B00%3A00/tasks/dbt_build_code?try_number=1')","logger":"task"}
